 pwd
/home/runner/Test3Session2
 gcc -g p1final.c
 ./a.out
Enter the numerator for 1st number : 14
Enter the denominator for 1st number : 12
Enter the numerator for 2nd number : 24
Enter the denominator for 2nd number : 42
14/12 + 24/42 =  876/504
 gdb a.out
GNU gdb (Ubuntu 8.1.1-0ubuntu1) 8.1.1
Copyright (C) 2018 Free Software Foundation, Inc.
License GPLv3+: GNU GPL version 3 or later <http://gnu.org/licenses/gpl.html>
This is free software: you are free to change and redistribute it.
There is NO WARRANTY, to the extent permitted by law.  Type "show copying"
and "show warranty" for details.
This GDB was configured as "x86_64-linux-gnu".
Type "show configuration" for configuration details.
For bug reporting instructions, please see:
<http://www.gnu.org/software/gdb/bugs/>.
Find the GDB manual and other documentation resources online at:
<http://www.gnu.org/software/gdb/documentation/>.
For help, type "help".
Type "apropos word" to search for commands related to "word"...
Reading symbols from a.out...done.
(gdb) b main
Breakpoint 1 at 0x877: file p1final.c, line 26.
(gdb) r
Starting program: /home/runner/Test3Session2/a.out 
warning: Error disabling address space randomization: Operation not permitted

Breakpoint 1, main () at p1final.c:26
26  {
(gdb) n
28    input(&num1,&den1,&num2,&den2);
(gdb) s
input (num1=0x7ffe7d7a1df0, den1=0x7ffe7d7a1df4, num2=0x7ffe7d7a1df8, 
    den2=0x7ffe7d7a1dfc) at p1final.c:5
5   printf("Enter the numerator for 1st number : ");
(gdb) p
The history is empty.
(gdb) c
Continuing.
Enter the numerator for 1st number : ^C
Program received signal SIGINT, Interrupt.
0x00007f6942aef151 in __GI___libc_read (fd=0, buf=0x55b1c7a38670, nbytes=1024)
    at ../sysdeps/unix/sysv/linux/read.c:27
27  ../sysdeps/unix/sysv/linux/read.c: No such file or directory.
(gdb) Quit
(gdb) 